******************************************************************************
                  TI ARM Linker PC v5.2.5                      
******************************************************************************
>> Linked Mon Aug 24 13:30:27 2015

OUTPUT FILE NAME:   <lab3.out>
ENTRY POINT SYMBOL: "_c_int00"  address: 000006e5


MEMORY CONFIGURATION

         name            origin    length      used     unused   attr    fill
----------------------  --------  ---------  --------  --------  ----  --------
  FLASH                 00000000   00040000  000008b8  0003f748  R  X
  SRAM                  20000000   00008000  00000215  00007deb  RW X


SEGMENT ALLOCATION MAP

run origin  load origin   length   init length attrs members
----------  ----------- ---------- ----------- ----- -------
00000000    00000000    000008b8   000008b8    r-x
  00000000    00000000    0000026c   0000026c    r-- .intvecs
  0000026c    0000026c    0000062c   0000062c    r-x .text
  00000898    00000898    00000020   00000020    r-- .cinit
20000000    20000000    00000215   00000000    rw-
  20000000    20000000    00000200   00000000    rw- .stack
  20000200    20000200    00000015   00000000    rw- .data


SECTION ALLOCATION MAP

 output                                  attributes/
section   page    origin      length       input sections
--------  ----  ----------  ----------   ----------------
.intvecs   0    00000000    0000026c     
                  00000000    0000026c     tm4c123gh6pm_startup_ccs.obj (.intvecs)

.text      0    0000026c    0000062c     
                  0000026c    00000130     driverlib.lib : gpio.obj (.text:GPIOPadConfigSet)
                  0000039c    000000f0                   : sysctl.obj (.text:SysCtlClockSet)
                  0000048c    0000009c     rtsv7M4_T_le_v4SPD16_eabi.lib : memcpy_t2.obj (.text)
                  00000528    0000007a                                   : memset_t2.obj (.text)
                  000005a2    00000002     --HOLE-- [fill = 0]
                  000005a4    0000006c                                   : autoinit.obj (.text)
                  00000610    0000006a                                   : copy_decompress_rle.obj (.text)
                  0000067a    00000002     --HOLE-- [fill = 0]
                  0000067c    00000068     main.obj (.text)
                  000006e4    00000050     rtsv7M4_T_le_v4SPD16_eabi.lib : boot.obj (.text)
                  00000734    0000004c                                   : cpy_tbl.obj (.text)
                  00000780    00000044                                   : exit.obj (.text)
                  000007c4    00000034     driverlib.lib : sysctl.obj (.text:SysCtlPeripheralEnable)
                  000007f8    0000002a                   : gpio.obj (.text:GPIODirModeSet)
                  00000822    00000018                   : gpio.obj (.text:GPIOPinTypeGPIOOutput)
                  0000083a    00000002     --HOLE-- [fill = 0]
                  0000083c    00000018     rtsv7M4_T_le_v4SPD16_eabi.lib : args_main.obj (.text)
                  00000854    00000014                                   : _lock.obj (.text)
                  00000868    0000000e                                   : copy_decompress_none.obj (.text:decompress:none)
                  00000876    0000000c     tm4c123gh6pm_startup_ccs.obj (.text)
                  00000882    00000006     driverlib.lib : gpio.obj (.text:GPIOPinWrite)
                  00000888    00000006                   : sysctl.obj (.text:SysCtlDelay)
                  0000088e    00000006     rtsv7M4_T_le_v4SPD16_eabi.lib : copy_decompress_rle.obj (.text:decompress:rle24)
                  00000894    00000004                                   : pre_init.obj (.text)

.cinit     0    00000898    00000020     
                  00000898    00000010     (.cinit..data.load) [load image, compression = rle]
                  000008a8    00000008     (__TI_handler_table)
                  000008b0    00000008     (__TI_cinit_table)

.init_array 
*          0    00000000    00000000     UNINITIALIZED

.stack     0    20000000    00000200     UNINITIALIZED
                  20000000    00000200     --HOLE--

.data      0    20000200    00000015     UNINITIALIZED
                  20000200    00000008     rtsv7M4_T_le_v4SPD16_eabi.lib : _lock.obj (.data)
                  20000208    00000008                                   : exit.obj (.data)
                  20000210    00000004                                   : stkdepth_vars.obj (.data)
                  20000214    00000001     main.obj (.data)

.TI.persistent 
*          0    20000200    00000000     UNINITIALIZED


LINKER GENERATED COPY TABLES

__TI_cinit_table @ 000008b0 records: 1, size/record: 8, table size: 8
	.data: load addr=00000898, load size=00000010 bytes, run addr=20000200, run size=00000015 bytes, compression=rle


LINKER GENERATED HANDLER TABLE

__TI_handler_table @ 000008a8 records: 2, size/record: 4, table size: 8
	index: 0, handler: __TI_decompress_rle24
	index: 1, handler: __TI_decompress_none


GLOBAL SYMBOLS: SORTED ALPHABETICALLY BY Name 

address   name                    
-------   ----                    
00000781  C$$EXIT                 
000007f9  GPIODirModeSet          
0000026d  GPIOPadConfigSet        
00000823  GPIOPinTypeGPIOOutput   
00000883  GPIOPinWrite            
00000877  ResetISR                
UNDEFED   SHT$$INIT_ARRAY$$Base   
UNDEFED   SHT$$INIT_ARRAY$$Limit  
0000039d  SysCtlClockSet          
00000889  SysCtlDelay             
000007c5  SysCtlPeripheralEnable  
20000200  __STACK_END             
00000200  __STACK_SIZE            
20000200  __STACK_TOP             
000008b0  __TI_CINIT_Base         
000008b8  __TI_CINIT_Limit        
000008a8  __TI_Handler_Table_Base 
000008b0  __TI_Handler_Table_Limit
000005a5  __TI_auto_init          
20000208  __TI_cleanup_ptr        
00000869  __TI_decompress_none    
0000088f  __TI_decompress_rle24   
2000020c  __TI_dtors_ptr          
00000000  __TI_static_base__      
00000529  __aeabi_memclr          
00000529  __aeabi_memclr4         
00000529  __aeabi_memclr8         
0000048d  __aeabi_memcpy          
0000048d  __aeabi_memcpy4         
0000048d  __aeabi_memcpy8         
0000052b  __aeabi_memset          
0000052b  __aeabi_memset4         
0000052b  __aeabi_memset8         
ffffffff  __binit__               
ffffffff  __c_args__              
20000000  __stack                 
0000083d  _args_main              
000006e5  _c_int00                
20000200  _lock                   
00000863  _nop                    
0000085b  _register_lock          
00000855  _register_unlock        
00000895  _system_pre_init        
20000204  _unlock                 
00000785  abort                   
ffffffff  binit                   
00000735  copy_in                 
0000078d  exit                    
00000000  g_pfnVectors            
0000067d  main                    
20000210  main_func_sp            
0000048d  memcpy                  
00000531  memset                  
20000214  ui8PinData              


GLOBAL SYMBOLS: SORTED BY Symbol Address 

address   name                    
-------   ----                    
00000000  __TI_static_base__      
00000000  g_pfnVectors            
00000200  __STACK_SIZE            
0000026d  GPIOPadConfigSet        
0000039d  SysCtlClockSet          
0000048d  __aeabi_memcpy          
0000048d  __aeabi_memcpy4         
0000048d  __aeabi_memcpy8         
0000048d  memcpy                  
00000529  __aeabi_memclr          
00000529  __aeabi_memclr4         
00000529  __aeabi_memclr8         
0000052b  __aeabi_memset          
0000052b  __aeabi_memset4         
0000052b  __aeabi_memset8         
00000531  memset                  
000005a5  __TI_auto_init          
0000067d  main                    
000006e5  _c_int00                
00000735  copy_in                 
00000781  C$$EXIT                 
00000785  abort                   
0000078d  exit                    
000007c5  SysCtlPeripheralEnable  
000007f9  GPIODirModeSet          
00000823  GPIOPinTypeGPIOOutput   
0000083d  _args_main              
00000855  _register_unlock        
0000085b  _register_lock          
00000863  _nop                    
00000869  __TI_decompress_none    
00000877  ResetISR                
00000883  GPIOPinWrite            
00000889  SysCtlDelay             
0000088f  __TI_decompress_rle24   
00000895  _system_pre_init        
000008a8  __TI_Handler_Table_Base 
000008b0  __TI_CINIT_Base         
000008b0  __TI_Handler_Table_Limit
000008b8  __TI_CINIT_Limit        
20000000  __stack                 
20000200  __STACK_END             
20000200  __STACK_TOP             
20000200  _lock                   
20000204  _unlock                 
20000208  __TI_cleanup_ptr        
2000020c  __TI_dtors_ptr          
20000210  main_func_sp            
20000214  ui8PinData              
ffffffff  __binit__               
ffffffff  __c_args__              
ffffffff  binit                   
UNDEFED   SHT$$INIT_ARRAY$$Base   
UNDEFED   SHT$$INIT_ARRAY$$Limit  

[54 symbols]
