******************************************************************************
                  TI ARM Linker PC v5.2.5                      
******************************************************************************
>> Linked Mon Aug 24 20:24:15 2015

OUTPUT FILE NAME:   <lab3conBotones.out>
ENTRY POINT SYMBOL: "_c_int00"  address: 000007bd


MEMORY CONFIGURATION

         name            origin    length      used     unused   attr    fill
----------------------  --------  ---------  --------  --------  ----  --------
  FLASH                 00000000   00040000  000009b0  0003f650  R  X
  SRAM                  20000000   00008000  00000228  00007dd8  RW X


SEGMENT ALLOCATION MAP

run origin  load origin   length   init length attrs members
----------  ----------- ---------- ----------- ----- -------
00000000    00000000    000009b0   000009b0    r-x
  00000000    00000000    0000026c   0000026c    r-- .intvecs
  0000026c    0000026c    0000071c   0000071c    r-x .text
  00000988    00000988    00000028   00000028    r-- .cinit
20000000    20000000    00000228   00000000    rw-
  20000000    20000000    00000200   00000000    rw- .stack
  20000200    20000200    00000028   00000000    rw- .data


SECTION ALLOCATION MAP

 output                                  attributes/
section   page    origin      length       input sections
--------  ----  ----------  ----------   ----------------
.intvecs   0    00000000    0000026c     
                  00000000    0000026c     tm4c123gh6pm_startup_ccs.obj (.intvecs)

.text      0    0000026c    0000071c     
                  0000026c    00000140     main.obj (.text)
                  000003ac    00000130     driverlib.lib : gpio.obj (.text:GPIOPadConfigSet)
                  000004dc    000000f0                   : sysctl.obj (.text:SysCtlClockSet)
                  000005cc    0000009c     rtsv7M4_T_le_v4SPD16_eabi.lib : memcpy_t2.obj (.text)
                  00000668    0000007a                                   : memset_t2.obj (.text)
                  000006e2    00000002     --HOLE-- [fill = 0]
                  000006e4    0000006c                                   : autoinit.obj (.text)
                  00000750    0000006a                                   : copy_decompress_rle.obj (.text)
                  000007ba    00000002     --HOLE-- [fill = 0]
                  000007bc    00000050                                   : boot.obj (.text)
                  0000080c    0000004c                                   : cpy_tbl.obj (.text)
                  00000858    00000044                                   : exit.obj (.text)
                  0000089c    00000034     driverlib.lib : sysctl.obj (.text:SysCtlPeripheralEnable)
                  000008d0    0000002a                   : gpio.obj (.text:GPIODirModeSet)
                  000008fa    00000018                   : gpio.obj (.text:GPIOPinTypeGPIOOutput)
                  00000912    00000002     --HOLE-- [fill = 0]
                  00000914    00000018     rtsv7M4_T_le_v4SPD16_eabi.lib : args_main.obj (.text)
                  0000092c    00000014                                   : _lock.obj (.text)
                  00000940    00000012     driverlib.lib : gpio.obj (.text:GPIOPinTypeGPIOInput)
                  00000952    0000000e     rtsv7M4_T_le_v4SPD16_eabi.lib : copy_decompress_none.obj (.text:decompress:none)
                  00000960    0000000c     tm4c123gh6pm_startup_ccs.obj (.text)
                  0000096c    00000006     driverlib.lib : gpio.obj (.text:GPIOPinRead)
                  00000972    00000006                   : gpio.obj (.text:GPIOPinWrite)
                  00000978    00000006                   : sysctl.obj (.text:SysCtlDelay)
                  0000097e    00000006     rtsv7M4_T_le_v4SPD16_eabi.lib : copy_decompress_rle.obj (.text:decompress:rle24)
                  00000984    00000004                                   : pre_init.obj (.text)

.cinit     0    00000988    00000028     
                  00000988    00000016     (.cinit..data.load) [load image, compression = rle]
                  0000099e    00000002     --HOLE-- [fill = 0]
                  000009a0    00000008     (__TI_handler_table)
                  000009a8    00000008     (__TI_cinit_table)

.init_array 
*          0    00000000    00000000     UNINITIALIZED

.stack     0    20000000    00000200     UNINITIALIZED
                  20000000    00000200     --HOLE--

.data      0    20000200    00000028     UNINITIALIZED
                  20000200    00000012     main.obj (.data)
                  20000212    00000002     --HOLE--
                  20000214    00000008     rtsv7M4_T_le_v4SPD16_eabi.lib : _lock.obj (.data)
                  2000021c    00000008                                   : exit.obj (.data)
                  20000224    00000004                                   : stkdepth_vars.obj (.data)

.TI.persistent 
*          0    20000200    00000000     UNINITIALIZED


LINKER GENERATED COPY TABLES

__TI_cinit_table @ 000009a8 records: 1, size/record: 8, table size: 8
	.data: load addr=00000988, load size=00000016 bytes, run addr=20000200, run size=00000028 bytes, compression=rle


LINKER GENERATED HANDLER TABLE

__TI_handler_table @ 000009a0 records: 2, size/record: 4, table size: 8
	index: 0, handler: __TI_decompress_rle24
	index: 1, handler: __TI_decompress_none


GLOBAL SYMBOLS: SORTED ALPHABETICALLY BY Name 

address   name                    
-------   ----                    
00000315  AntiRebote              
2000020d  BotonEncender           
2000020e  BotonEncenderAnterior   
2000020f  BotonPosicion           
20000210  BotonPosicionAnterior   
00000859  C$$EXIT                 
000008d1  GPIODirModeSet          
000003ad  GPIOPadConfigSet        
0000096d  GPIOPinRead             
00000941  GPIOPinTypeGPIOInput    
000008fb  GPIOPinTypeGPIOOutput   
00000973  GPIOPinWrite            
00000961  ResetISR                
UNDEFED   SHT$$INIT_ARRAY$$Base   
UNDEFED   SHT$$INIT_ARRAY$$Limit  
000004dd  SysCtlClockSet          
00000979  SysCtlDelay             
0000089d  SysCtlPeripheralEnable  
20000200  __STACK_END             
00000200  __STACK_SIZE            
20000200  __STACK_TOP             
000009a8  __TI_CINIT_Base         
000009b0  __TI_CINIT_Limit        
000009a0  __TI_Handler_Table_Base 
000009a8  __TI_Handler_Table_Limit
000006e5  __TI_auto_init          
2000021c  __TI_cleanup_ptr        
00000953  __TI_decompress_none    
0000097f  __TI_decompress_rle24   
20000220  __TI_dtors_ptr          
00000000  __TI_static_base__      
00000669  __aeabi_memclr          
00000669  __aeabi_memclr4         
00000669  __aeabi_memclr8         
000005cd  __aeabi_memcpy          
000005cd  __aeabi_memcpy4         
000005cd  __aeabi_memcpy8         
0000066b  __aeabi_memset          
0000066b  __aeabi_memset4         
0000066b  __aeabi_memset8         
ffffffff  __binit__               
ffffffff  __c_args__              
20000000  __stack                 
00000915  _args_main              
000007bd  _c_int00                
20000214  _lock                   
0000093b  _nop                    
00000933  _register_lock          
0000092d  _register_unlock        
00000985  _system_pre_init        
20000218  _unlock                 
0000085d  abort                   
ffffffff  binit                   
0000080d  copy_in                 
00000865  exit                    
00000000  g_pfnVectors            
0000026d  main                    
20000224  main_func_sp            
000005cd  memcpy                  
00000671  memset                  
2000020c  onOff                   
20000204  ui32Buttons             
20000208  ui32ButtonsAnterior     
20000211  ui8PinAnterior          
20000200  ui8PinData              


GLOBAL SYMBOLS: SORTED BY Symbol Address 

address   name                    
-------   ----                    
00000000  __TI_static_base__      
00000000  g_pfnVectors            
00000200  __STACK_SIZE            
0000026d  main                    
00000315  AntiRebote              
000003ad  GPIOPadConfigSet        
000004dd  SysCtlClockSet          
000005cd  __aeabi_memcpy          
000005cd  __aeabi_memcpy4         
000005cd  __aeabi_memcpy8         
000005cd  memcpy                  
00000669  __aeabi_memclr          
00000669  __aeabi_memclr4         
00000669  __aeabi_memclr8         
0000066b  __aeabi_memset          
0000066b  __aeabi_memset4         
0000066b  __aeabi_memset8         
00000671  memset                  
000006e5  __TI_auto_init          
000007bd  _c_int00                
0000080d  copy_in                 
00000859  C$$EXIT                 
0000085d  abort                   
00000865  exit                    
0000089d  SysCtlPeripheralEnable  
000008d1  GPIODirModeSet          
000008fb  GPIOPinTypeGPIOOutput   
00000915  _args_main              
0000092d  _register_unlock        
00000933  _register_lock          
0000093b  _nop                    
00000941  GPIOPinTypeGPIOInput    
00000953  __TI_decompress_none    
00000961  ResetISR                
0000096d  GPIOPinRead             
00000973  GPIOPinWrite            
00000979  SysCtlDelay             
0000097f  __TI_decompress_rle24   
00000985  _system_pre_init        
000009a0  __TI_Handler_Table_Base 
000009a8  __TI_CINIT_Base         
000009a8  __TI_Handler_Table_Limit
000009b0  __TI_CINIT_Limit        
20000000  __stack                 
20000200  __STACK_END             
20000200  __STACK_TOP             
20000200  ui8PinData              
20000204  ui32Buttons             
20000208  ui32ButtonsAnterior     
2000020c  onOff                   
2000020d  BotonEncender           
2000020e  BotonEncenderAnterior   
2000020f  BotonPosicion           
20000210  BotonPosicionAnterior   
20000211  ui8PinAnterior          
20000214  _lock                   
20000218  _unlock                 
2000021c  __TI_cleanup_ptr        
20000220  __TI_dtors_ptr          
20000224  main_func_sp            
ffffffff  __binit__               
ffffffff  __c_args__              
ffffffff  binit                   
UNDEFED   SHT$$INIT_ARRAY$$Base   
UNDEFED   SHT$$INIT_ARRAY$$Limit  

[65 symbols]
