******************************************************************************
                  TI ARM Linker PC v5.2.5                      
******************************************************************************
>> Linked Tue Aug 25 17:42:47 2015

OUTPUT FILE NAME:   <lab3conBotones.out>
ENTRY POINT SYMBOL: "_c_int00"  address: 00000845


MEMORY CONFIGURATION

         name            origin    length      used     unused   attr    fill
----------------------  --------  ---------  --------  --------  ----  --------
  FLASH                 00000000   00040000  00000a4a  0003f5b6  R  X
  SRAM                  20000000   00008000  0000022f  00007dd1  RW X


SEGMENT ALLOCATION MAP

run origin  load origin   length   init length attrs members
----------  ----------- ---------- ----------- ----- -------
00000000    00000000    00000a50   00000a50    r-x
  00000000    00000000    0000026c   0000026c    r-- .intvecs
  0000026c    0000026c    0000079e   0000079e    r-x .text
  00000a10    00000a10    00000040   00000040    r-- .cinit
20000000    20000000    00000230   00000000    rw-
  20000000    20000000    00000200   00000000    rw- .stack
  20000200    20000200    0000002b   00000000    rw- .data
  2000022c    2000022c    00000004   00000000    rw- .bss


SECTION ALLOCATION MAP

 output                                  attributes/
section   page    origin      length       input sections
--------  ----  ----------  ----------   ----------------
.intvecs   0    00000000    0000026c     
                  00000000    0000026c     tm4c123gh6pm_startup_ccs.obj (.intvecs)

.text      0    0000026c    0000079e     
                  0000026c    00000130     driverlib.lib : gpio.obj (.text:GPIOPadConfigSet)
                  0000039c    00000104     buttons.obj (.text)
                  000004a0    000000f0     driverlib.lib : sysctl.obj (.text:SysCtlClockSet)
                  00000590    000000c4     main.obj (.text)
                  00000654    0000009c     rtsv7M4_T_le_v4SPD16_eabi.lib : memcpy_t2.obj (.text)
                  000006f0    0000007a                                   : memset_t2.obj (.text)
                  0000076a    00000002     --HOLE-- [fill = 0]
                  0000076c    0000006c                                   : autoinit.obj (.text)
                  000007d8    0000006a                                   : copy_decompress_rle.obj (.text)
                  00000842    00000002     --HOLE-- [fill = 0]
                  00000844    00000050                                   : boot.obj (.text)
                  00000894    0000004c                                   : cpy_tbl.obj (.text)
                  000008e0    00000044                                   : exit.obj (.text)
                  00000924    00000034     driverlib.lib : sysctl.obj (.text:SysCtlPeripheralEnable)
                  00000958    0000002a                   : gpio.obj (.text:GPIODirModeSet)
                  00000982    00000018                   : gpio.obj (.text:GPIOPinTypeGPIOOutput)
                  0000099a    00000002     --HOLE-- [fill = 0]
                  0000099c    00000018     rtsv7M4_T_le_v4SPD16_eabi.lib : args_main.obj (.text)
                  000009b4    00000014                                   : _lock.obj (.text)
                  000009c8    0000000e                                   : copy_decompress_none.obj (.text:decompress:none)
                  000009d6    0000000c                                   : copy_zero_init.obj (.text:decompress:ZI)
                  000009e2    0000000c     tm4c123gh6pm_startup_ccs.obj (.text)
                  000009ee    00000006     driverlib.lib : gpio.obj (.text:GPIOPinRead)
                  000009f4    00000006                   : gpio.obj (.text:GPIOPinWrite)
                  000009fa    00000006                   : sysctl.obj (.text:SysCtlDelay)
                  00000a00    00000006     rtsv7M4_T_le_v4SPD16_eabi.lib : copy_decompress_rle.obj (.text:decompress:rle24)
                  00000a06    00000004                                   : pre_init.obj (.text)

.cinit     0    00000a10    00000040     
                  00000a10    00000019     (.cinit..data.load) [load image, compression = rle]
                  00000a29    00000003     --HOLE-- [fill = 0]
                  00000a2c    0000000c     (__TI_handler_table)
                  00000a38    00000008     (.cinit..bss.load) [load image, compression = zero_init]
                  00000a40    00000010     (__TI_cinit_table)

.init_array 
*          0    00000000    00000000     UNINITIALIZED

.stack     0    20000000    00000200     UNINITIALIZED
                  20000000    00000200     --HOLE--

.data      0    20000200    0000002b     UNINITIALIZED
                  20000200    00000012     main.obj (.data)
                  20000212    00000002     --HOLE--
                  20000214    00000008     rtsv7M4_T_le_v4SPD16_eabi.lib : _lock.obj (.data)
                  2000021c    00000008                                   : exit.obj (.data)
                  20000224    00000004                                   : stkdepth_vars.obj (.data)
                  20000228    00000003     buttons.obj (.data)

.bss       0    2000022c    00000004     UNINITIALIZED
                  2000022c    00000004     (.common:ui32TickCounter$1)

.TI.persistent 
*          0    20000200    00000000     UNINITIALIZED

.TI.noinit 
*          0    2000022c    00000000     UNINITIALIZED


LINKER GENERATED COPY TABLES

__TI_cinit_table @ 00000a40 records: 2, size/record: 8, table size: 16
	.data: load addr=00000a10, load size=00000019 bytes, run addr=20000200, run size=0000002b bytes, compression=rle
	.bss: load addr=00000a38, load size=00000008 bytes, run addr=2000022c, run size=00000004 bytes, compression=zero_init


LINKER GENERATED HANDLER TABLE

__TI_handler_table @ 00000a2c records: 3, size/record: 4, table size: 12
	index: 0, handler: __TI_decompress_rle24
	index: 1, handler: __TI_decompress_none
	index: 2, handler: __TI_zero_init


GLOBAL SYMBOLS: SORTED ALPHABETICALLY BY Name 

address   name                    
-------   ----                    
000005bd  AppButtonHandler        
2000020d  BotonEncender           
2000020e  BotonEncenderAnterior   
2000020f  BotonPosicion           
20000210  BotonPosicionAnterior   
0000043d  ButtonsInit             
0000039d  ButtonsPoll             
000008e1  C$$EXIT                 
00000959  GPIODirModeSet          
0000026d  GPIOPadConfigSet        
000009ef  GPIOPinRead             
00000983  GPIOPinTypeGPIOOutput   
000009f5  GPIOPinWrite            
000009e3  ResetISR                
UNDEFED   SHT$$INIT_ARRAY$$Base   
UNDEFED   SHT$$INIT_ARRAY$$Limit  
000004a1  SysCtlClockSet          
000009fb  SysCtlDelay             
00000925  SysCtlPeripheralEnable  
20000200  __STACK_END             
00000200  __STACK_SIZE            
20000200  __STACK_TOP             
00000a40  __TI_CINIT_Base         
00000a50  __TI_CINIT_Limit        
00000a2c  __TI_Handler_Table_Base 
00000a38  __TI_Handler_Table_Limit
0000076d  __TI_auto_init          
2000021c  __TI_cleanup_ptr        
000009c9  __TI_decompress_none    
00000a01  __TI_decompress_rle24   
20000220  __TI_dtors_ptr          
00000000  __TI_static_base__      
000009d7  __TI_zero_init          
000006f1  __aeabi_memclr          
000006f1  __aeabi_memclr4         
000006f1  __aeabi_memclr8         
00000655  __aeabi_memcpy          
00000655  __aeabi_memcpy4         
00000655  __aeabi_memcpy8         
000006f3  __aeabi_memset          
000006f3  __aeabi_memset4         
000006f3  __aeabi_memset8         
ffffffff  __binit__               
ffffffff  __c_args__              
20000000  __stack                 
0000099d  _args_main              
00000845  _c_int00                
20000214  _lock                   
000009c3  _nop                    
000009bb  _register_lock          
000009b5  _register_unlock        
00000a07  _system_pre_init        
20000218  _unlock                 
000008e5  abort                   
ffffffff  binit                   
00000895  copy_in                 
000008ed  exit                    
00000000  g_pfnVectors            
00000591  main                    
20000224  main_func_sp            
00000655  memcpy                  
000006f9  memset                  
2000020c  onOff                   
20000204  ui32Buttons             
20000208  ui32ButtonsAnterior     
20000211  ui8PinAnterior          
20000200  ui8PinData              


GLOBAL SYMBOLS: SORTED BY Symbol Address 

address   name                    
-------   ----                    
00000000  __TI_static_base__      
00000000  g_pfnVectors            
00000200  __STACK_SIZE            
0000026d  GPIOPadConfigSet        
0000039d  ButtonsPoll             
0000043d  ButtonsInit             
000004a1  SysCtlClockSet          
00000591  main                    
000005bd  AppButtonHandler        
00000655  __aeabi_memcpy          
00000655  __aeabi_memcpy4         
00000655  __aeabi_memcpy8         
00000655  memcpy                  
000006f1  __aeabi_memclr          
000006f1  __aeabi_memclr4         
000006f1  __aeabi_memclr8         
000006f3  __aeabi_memset          
000006f3  __aeabi_memset4         
000006f3  __aeabi_memset8         
000006f9  memset                  
0000076d  __TI_auto_init          
00000845  _c_int00                
00000895  copy_in                 
000008e1  C$$EXIT                 
000008e5  abort                   
000008ed  exit                    
00000925  SysCtlPeripheralEnable  
00000959  GPIODirModeSet          
00000983  GPIOPinTypeGPIOOutput   
0000099d  _args_main              
000009b5  _register_unlock        
000009bb  _register_lock          
000009c3  _nop                    
000009c9  __TI_decompress_none    
000009d7  __TI_zero_init          
000009e3  ResetISR                
000009ef  GPIOPinRead             
000009f5  GPIOPinWrite            
000009fb  SysCtlDelay             
00000a01  __TI_decompress_rle24   
00000a07  _system_pre_init        
00000a2c  __TI_Handler_Table_Base 
00000a38  __TI_Handler_Table_Limit
00000a40  __TI_CINIT_Base         
00000a50  __TI_CINIT_Limit        
20000000  __stack                 
20000200  __STACK_END             
20000200  __STACK_TOP             
20000200  ui8PinData              
20000204  ui32Buttons             
20000208  ui32ButtonsAnterior     
2000020c  onOff                   
2000020d  BotonEncender           
2000020e  BotonEncenderAnterior   
2000020f  BotonPosicion           
20000210  BotonPosicionAnterior   
20000211  ui8PinAnterior          
20000214  _lock                   
20000218  _unlock                 
2000021c  __TI_cleanup_ptr        
20000220  __TI_dtors_ptr          
20000224  main_func_sp            
ffffffff  __binit__               
ffffffff  __c_args__              
ffffffff  binit                   
UNDEFED   SHT$$INIT_ARRAY$$Base   
UNDEFED   SHT$$INIT_ARRAY$$Limit  

[67 symbols]
